Job started at Thu Mar 19 15:46:10 +03 2026
Node: gpu01
Thu Mar 19 15:46:10 2026       
+-----------------------------------------------------------------------------------------+
| NVIDIA-SMI 570.124.06             Driver Version: 570.124.06     CUDA Version: 12.8     |
|-----------------------------------------+------------------------+----------------------+
| GPU  Name                 Persistence-M | Bus-Id          Disp.A | Volatile Uncorr. ECC |
| Fan  Temp   Perf          Pwr:Usage/Cap |           Memory-Usage | GPU-Util  Compute M. |
|                                         |                        |               MIG M. |
|=========================================+========================+======================|
|   0  Tesla V100-PCIE-32GB           On  |   00000000:3B:00.0 Off |                    0 |
| N/A   30C    P0             26W /  250W |       1MiB /  32768MiB |      0%      Default |
|                                         |                        |                  N/A |
+-----------------------------------------+------------------------+----------------------+
                                                                                         
+-----------------------------------------------------------------------------------------+
| Processes:                                                                              |
|  GPU   GI   CI              PID   Type   Process name                        GPU Memory |
|        ID   ID                                                               Usage      |
|=========================================================================================|
|  No running processes found                                                             |
+-----------------------------------------------------------------------------------------+
-----
Defaulting to user installation because normal site-packages is not writeable
Collecting torch (from -r requirements.txt (line 1))
  Downloading torch-2.10.0-3-cp312-cp312-manylinux_2_28_x86_64.whl.metadata (31 kB)
Collecting torchvision (from -r requirements.txt (line 2))
  Downloading torchvision-0.25.0-cp312-cp312-manylinux_2_28_x86_64.whl.metadata (5.4 kB)
Requirement already satisfied: filelock in /cta/capps/python/3.12.9/lib/python3.12/site-packages (from torch->-r requirements.txt (line 1)) (3.13.1)
Requirement already satisfied: typing-extensions>=4.10.0 in /cta/capps/python/3.12.9/lib/python3.12/site-packages (from torch->-r requirements.txt (line 1)) (4.11.0)
Requirement already satisfied: setuptools in /cta/capps/python/3.12.9/lib/python3.12/site-packages (from torch->-r requirements.txt (line 1)) (75.1.0)
Collecting sympy>=1.13.3 (from torch->-r requirements.txt (line 1))
  Downloading sympy-1.14.0-py3-none-any.whl.metadata (12 kB)
Requirement already satisfied: networkx>=2.5.1 in /cta/capps/python/3.12.9/lib/python3.12/site-packages (from torch->-r requirements.txt (line 1)) (3.3)
Requirement already satisfied: jinja2 in /cta/capps/python/3.12.9/lib/python3.12/site-packages (from torch->-r requirements.txt (line 1)) (3.1.4)
Requirement already satisfied: fsspec>=0.8.5 in /cta/capps/python/3.12.9/lib/python3.12/site-packages (from torch->-r requirements.txt (line 1)) (2024.6.1)
Collecting cuda-bindings==12.9.4 (from torch->-r requirements.txt (line 1))
  Downloading cuda_bindings-12.9.4-cp312-cp312-manylinux_2_24_x86_64.manylinux_2_28_x86_64.whl.metadata (2.6 kB)
Collecting nvidia-cuda-nvrtc-cu12==12.8.93 (from torch->-r requirements.txt (line 1))
  Downloading nvidia_cuda_nvrtc_cu12-12.8.93-py3-none-manylinux2010_x86_64.manylinux_2_12_x86_64.whl.metadata (1.7 kB)
Collecting nvidia-cuda-runtime-cu12==12.8.90 (from torch->-r requirements.txt (line 1))
  Downloading nvidia_cuda_runtime_cu12-12.8.90-py3-none-manylinux2014_x86_64.manylinux_2_17_x86_64.whl.metadata (1.7 kB)
Collecting nvidia-cuda-cupti-cu12==12.8.90 (from torch->-r requirements.txt (line 1))
  Downloading nvidia_cuda_cupti_cu12-12.8.90-py3-none-manylinux2014_x86_64.manylinux_2_17_x86_64.whl.metadata (1.7 kB)
Collecting nvidia-cudnn-cu12==9.10.2.21 (from torch->-r requirements.txt (line 1))
  Downloading nvidia_cudnn_cu12-9.10.2.21-py3-none-manylinux_2_27_x86_64.whl.metadata (1.8 kB)
Collecting nvidia-cublas-cu12==12.8.4.1 (from torch->-r requirements.txt (line 1))
  Downloading nvidia_cublas_cu12-12.8.4.1-py3-none-manylinux_2_27_x86_64.whl.metadata (1.7 kB)
Collecting nvidia-cufft-cu12==11.3.3.83 (from torch->-r requirements.txt (line 1))
  Downloading nvidia_cufft_cu12-11.3.3.83-py3-none-manylinux2014_x86_64.manylinux_2_17_x86_64.whl.metadata (1.7 kB)
Collecting nvidia-curand-cu12==10.3.9.90 (from torch->-r requirements.txt (line 1))
  Downloading nvidia_curand_cu12-10.3.9.90-py3-none-manylinux_2_27_x86_64.whl.metadata (1.7 kB)
Collecting nvidia-cusolver-cu12==11.7.3.90 (from torch->-r requirements.txt (line 1))
  Downloading nvidia_cusolver_cu12-11.7.3.90-py3-none-manylinux_2_27_x86_64.whl.metadata (1.8 kB)
Collecting nvidia-cusparse-cu12==12.5.8.93 (from torch->-r requirements.txt (line 1))
  Downloading nvidia_cusparse_cu12-12.5.8.93-py3-none-manylinux2014_x86_64.manylinux_2_17_x86_64.whl.metadata (1.8 kB)
Collecting nvidia-cusparselt-cu12==0.7.1 (from torch->-r requirements.txt (line 1))
  Downloading nvidia_cusparselt_cu12-0.7.1-py3-none-manylinux2014_x86_64.whl.metadata (7.0 kB)
Collecting nvidia-nccl-cu12==2.27.5 (from torch->-r requirements.txt (line 1))
  Downloading nvidia_nccl_cu12-2.27.5-py3-none-manylinux2014_x86_64.manylinux_2_17_x86_64.whl.metadata (2.0 kB)
Collecting nvidia-nvshmem-cu12==3.4.5 (from torch->-r requirements.txt (line 1))
  Downloading nvidia_nvshmem_cu12-3.4.5-py3-none-manylinux2014_x86_64.manylinux_2_17_x86_64.whl.metadata (2.1 kB)
Collecting nvidia-nvtx-cu12==12.8.90 (from torch->-r requirements.txt (line 1))
  Downloading nvidia_nvtx_cu12-12.8.90-py3-none-manylinux2014_x86_64.manylinux_2_17_x86_64.whl.metadata (1.8 kB)
Collecting nvidia-nvjitlink-cu12==12.8.93 (from torch->-r requirements.txt (line 1))
  Downloading nvidia_nvjitlink_cu12-12.8.93-py3-none-manylinux2010_x86_64.manylinux_2_12_x86_64.whl.metadata (1.7 kB)
Collecting nvidia-cufile-cu12==1.13.1.3 (from torch->-r requirements.txt (line 1))
  Downloading nvidia_cufile_cu12-1.13.1.3-py3-none-manylinux2014_x86_64.manylinux_2_17_x86_64.whl.metadata (1.7 kB)
Collecting triton==3.6.0 (from torch->-r requirements.txt (line 1))
  Downloading triton-3.6.0-cp312-cp312-manylinux_2_27_x86_64.manylinux_2_28_x86_64.whl.metadata (1.7 kB)
Collecting cuda-pathfinder~=1.1 (from cuda-bindings==12.9.4->torch->-r requirements.txt (line 1))
  Downloading cuda_pathfinder-1.4.3-py3-none-any.whl.metadata (1.9 kB)
Requirement already satisfied: numpy in /cta/capps/python/3.12.9/lib/python3.12/site-packages (from torchvision->-r requirements.txt (line 2)) (1.26.4)
Requirement already satisfied: pillow!=8.3.*,>=5.3.0 in /cta/capps/python/3.12.9/lib/python3.12/site-packages (from torchvision->-r requirements.txt (line 2)) (11.0.0)
Requirement already satisfied: mpmath<1.4,>=1.1.0 in /cta/capps/python/3.12.9/lib/python3.12/site-packages (from sympy>=1.13.3->torch->-r requirements.txt (line 1)) (1.3.0)
Requirement already satisfied: MarkupSafe>=2.0 in /cta/capps/python/3.12.9/lib/python3.12/site-packages (from jinja2->torch->-r requirements.txt (line 1)) (2.1.3)
Downloading torch-2.10.0-3-cp312-cp312-manylinux_2_28_x86_64.whl (915.6 MB)
   ━━━━━━━━━━━━━━━━━━━━━━━━━━━━━━━━━━━━━━━━ 915.6/915.6 MB 53.5 MB/s eta 0:00:00
Downloading cuda_bindings-12.9.4-cp312-cp312-manylinux_2_24_x86_64.manylinux_2_28_x86_64.whl (12.2 MB)
   ━━━━━━━━━━━━━━━━━━━━━━━━━━━━━━━━━━━━━━━━ 12.2/12.2 MB 62.7 MB/s eta 0:00:00
Downloading nvidia_cublas_cu12-12.8.4.1-py3-none-manylinux_2_27_x86_64.whl (594.3 MB)
   ━━━━━━━━━━━━━━━━━━━━━━━━━━━━━━━━━━━━━━━━ 594.3/594.3 MB 64.8 MB/s eta 0:00:00
Downloading nvidia_cuda_cupti_cu12-12.8.90-py3-none-manylinux2014_x86_64.manylinux_2_17_x86_64.whl (10.2 MB)
   ━━━━━━━━━━━━━━━━━━━━━━━━━━━━━━━━━━━━━━━━ 10.2/10.2 MB 61.1 MB/s eta 0:00:00
Downloading nvidia_cuda_nvrtc_cu12-12.8.93-py3-none-manylinux2010_x86_64.manylinux_2_12_x86_64.whl (88.0 MB)
   ━━━━━━━━━━━━━━━━━━━━━━━━━━━━━━━━━━━━━━━━ 88.0/88.0 MB 67.5 MB/s eta 0:00:00
Downloading nvidia_cuda_runtime_cu12-12.8.90-py3-none-manylinux2014_x86_64.manylinux_2_17_x86_64.whl (954 kB)
   ━━━━━━━━━━━━━━━━━━━━━━━━━━━━━━━━━━━━━━━━ 954.8/954.8 kB 18.4 MB/s eta 0:00:00
Downloading nvidia_cudnn_cu12-9.10.2.21-py3-none-manylinux_2_27_x86_64.whl (706.8 MB)
   ━━━━━━━━━━━━━━━━━━━━━━━━━━━━━━━━━━━━━━━━ 706.8/706.8 MB 59.4 MB/s eta 0:00:00
Downloading nvidia_cufft_cu12-11.3.3.83-py3-none-manylinux2014_x86_64.manylinux_2_17_x86_64.whl (193.1 MB)
   ━━━━━━━━━━━━━━━━━━━━━━━━━━━━━━━━━━━━━━━━ 193.1/193.1 MB 70.4 MB/s eta 0:00:00
Downloading nvidia_cufile_cu12-1.13.1.3-py3-none-manylinux2014_x86_64.manylinux_2_17_x86_64.whl (1.2 MB)
   ━━━━━━━━━━━━━━━━━━━━━━━━━━━━━━━━━━━━━━━━ 1.2/1.2 MB 21.1 MB/s eta 0:00:00
Downloading nvidia_curand_cu12-10.3.9.90-py3-none-manylinux_2_27_x86_64.whl (63.6 MB)
   ━━━━━━━━━━━━━━━━━━━━━━━━━━━━━━━━━━━━━━━━ 63.6/63.6 MB 73.0 MB/s eta 0:00:00
Downloading nvidia_cusolver_cu12-11.7.3.90-py3-none-manylinux_2_27_x86_64.whl (267.5 MB)
   ━━━━━━━━━━━━━━━━━━━━━━━━━━━━━━━━━━━━━━━━ 267.5/267.5 MB 72.3 MB/s eta 0:00:00
Downloading nvidia_cusparse_cu12-12.5.8.93-py3-none-manylinux2014_x86_64.manylinux_2_17_x86_64.whl (288.2 MB)
   ━━━━━━━━━━━━━━━━━━━━━━━━━━━━━━━━━━━━━━━━ 288.2/288.2 MB 77.0 MB/s eta 0:00:00
Downloading nvidia_cusparselt_cu12-0.7.1-py3-none-manylinux2014_x86_64.whl (287.2 MB)
   ━━━━━━━━━━━━━━━━━━━━━━━━━━━━━━━━━━━━━━━━ 287.2/287.2 MB 70.2 MB/s eta 0:00:00
Downloading nvidia_nccl_cu12-2.27.5-py3-none-manylinux2014_x86_64.manylinux_2_17_x86_64.whl (322.3 MB)
   ━━━━━━━━━━━━━━━━━━━━━━━━━━━━━━━━━━━━━━━━ 322.3/322.3 MB 70.3 MB/s eta 0:00:00
Downloading nvidia_nvjitlink_cu12-12.8.93-py3-none-manylinux2010_x86_64.manylinux_2_12_x86_64.whl (39.3 MB)
   ━━━━━━━━━━━━━━━━━━━━━━━━━━━━━━━━━━━━━━━━ 39.3/39.3 MB 72.0 MB/s eta 0:00:00
Downloading nvidia_nvshmem_cu12-3.4.5-py3-none-manylinux2014_x86_64.manylinux_2_17_x86_64.whl (139.1 MB)
   ━━━━━━━━━━━━━━━━━━━━━━━━━━━━━━━━━━━━━━━━ 139.1/139.1 MB 54.4 MB/s eta 0:00:00
Downloading nvidia_nvtx_cu12-12.8.90-py3-none-manylinux2014_x86_64.manylinux_2_17_x86_64.whl (89 kB)
Downloading triton-3.6.0-cp312-cp312-manylinux_2_27_x86_64.manylinux_2_28_x86_64.whl (188.3 MB)
   ━━━━━━━━━━━━━━━━━━━━━━━━━━━━━━━━━━━━━━━━ 188.3/188.3 MB 65.5 MB/s eta 0:00:00
Downloading torchvision-0.25.0-cp312-cp312-manylinux_2_28_x86_64.whl (8.1 MB)
   ━━━━━━━━━━━━━━━━━━━━━━━━━━━━━━━━━━━━━━━━ 8.1/8.1 MB 62.0 MB/s eta 0:00:00
Downloading sympy-1.14.0-py3-none-any.whl (6.3 MB)
   ━━━━━━━━━━━━━━━━━━━━━━━━━━━━━━━━━━━━━━━━ 6.3/6.3 MB 60.3 MB/s eta 0:00:00
Downloading cuda_pathfinder-1.4.3-py3-none-any.whl (47 kB)
Installing collected packages: nvidia-cusparselt-cu12, triton, sympy, nvidia-nvtx-cu12, nvidia-nvshmem-cu12, nvidia-nvjitlink-cu12, nvidia-nccl-cu12, nvidia-curand-cu12, nvidia-cufile-cu12, nvidia-cuda-runtime-cu12, nvidia-cuda-nvrtc-cu12, nvidia-cuda-cupti-cu12, nvidia-cublas-cu12, cuda-pathfinder, nvidia-cusparse-cu12, nvidia-cufft-cu12, nvidia-cudnn-cu12, cuda-bindings, nvidia-cusolver-cu12, torch, torchvision
Successfully installed cuda-bindings-12.9.4 cuda-pathfinder-1.4.3 nvidia-cublas-cu12-12.8.4.1 nvidia-cuda-cupti-cu12-12.8.90 nvidia-cuda-nvrtc-cu12-12.8.93 nvidia-cuda-runtime-cu12-12.8.90 nvidia-cudnn-cu12-9.10.2.21 nvidia-cufft-cu12-11.3.3.83 nvidia-cufile-cu12-1.13.1.3 nvidia-curand-cu12-10.3.9.90 nvidia-cusolver-cu12-11.7.3.90 nvidia-cusparse-cu12-12.5.8.93 nvidia-cusparselt-cu12-0.7.1 nvidia-nccl-cu12-2.27.5 nvidia-nvjitlink-cu12-12.8.93 nvidia-nvshmem-cu12-3.4.5 nvidia-nvtx-cu12-12.8.90 sympy-1.14.0 torch-2.10.0 torchvision-0.25.0 triton-3.6.0
Train Epoch: 1 [0/60000 (0%)]	Loss: 2.299825
Train Epoch: 1 [640/60000 (1%)]	Loss: 1.725018
Train Epoch: 1 [1280/60000 (2%)]	Loss: 0.946259
Train Epoch: 1 [1920/60000 (3%)]	Loss: 0.656993
Train Epoch: 1 [2560/60000 (4%)]	Loss: 0.371875
Train Epoch: 1 [3200/60000 (5%)]	Loss: 0.337955
Train Epoch: 1 [3840/60000 (6%)]	Loss: 0.163625
Train Epoch: 1 [4480/60000 (7%)]	Loss: 0.565695
Train Epoch: 1 [5120/60000 (9%)]	Loss: 0.275907
Train Epoch: 1 [5760/60000 (10%)]	Loss: 0.149666
Train Epoch: 1 [6400/60000 (11%)]	Loss: 0.285139
Train Epoch: 1 [7040/60000 (12%)]	Loss: 0.262463
Train Epoch: 1 [7680/60000 (13%)]	Loss: 0.445651
Train Epoch: 1 [8320/60000 (14%)]	Loss: 0.202928
Train Epoch: 1 [8960/60000 (15%)]	Loss: 0.252093
Train Epoch: 1 [9600/60000 (16%)]	Loss: 0.078274
Train Epoch: 1 [10240/60000 (17%)]	Loss: 0.166751
Train Epoch: 1 [10880/60000 (18%)]	Loss: 0.304774
Train Epoch: 1 [11520/60000 (19%)]	Loss: 0.166575
Train Epoch: 1 [12160/60000 (20%)]	Loss: 0.167908
Train Epoch: 1 [12800/60000 (21%)]	Loss: 0.178360
Train Epoch: 1 [13440/60000 (22%)]	Loss: 0.111204
Train Epoch: 1 [14080/60000 (23%)]	Loss: 0.141811
Train Epoch: 1 [14720/60000 (25%)]	Loss: 0.112947
Train Epoch: 1 [15360/60000 (26%)]	Loss: 0.388726
Train Epoch: 1 [16000/60000 (27%)]	Loss: 0.414526
Train Epoch: 1 [16640/60000 (28%)]	Loss: 0.140225
Train Epoch: 1 [17280/60000 (29%)]	Loss: 0.133799
Train Epoch: 1 [17920/60000 (30%)]	Loss: 0.192120
Train Epoch: 1 [18560/60000 (31%)]	Loss: 0.227007
Train Epoch: 1 [19200/60000 (32%)]	Loss: 0.170446
Train Epoch: 1 [19840/60000 (33%)]	Loss: 0.144414
Train Epoch: 1 [20480/60000 (34%)]	Loss: 0.199335
Train Epoch: 1 [21120/60000 (35%)]	Loss: 0.079622
Train Epoch: 1 [21760/60000 (36%)]	Loss: 0.324860
Train Epoch: 1 [22400/60000 (37%)]	Loss: 0.081707
Train Epoch: 1 [23040/60000 (38%)]	Loss: 0.189314
Train Epoch: 1 [23680/60000 (39%)]	Loss: 0.188663
Train Epoch: 1 [24320/60000 (41%)]	Loss: 0.036299
Train Epoch: 1 [24960/60000 (42%)]	Loss: 0.113545
Train Epoch: 1 [25600/60000 (43%)]	Loss: 0.070037
Train Epoch: 1 [26240/60000 (44%)]	Loss: 0.179438
Train Epoch: 1 [26880/60000 (45%)]	Loss: 0.171286
Train Epoch: 1 [27520/60000 (46%)]	Loss: 0.023141
Train Epoch: 1 [28160/60000 (47%)]	Loss: 0.114023
Train Epoch: 1 [28800/60000 (48%)]	Loss: 0.015960
Train Epoch: 1 [29440/60000 (49%)]	Loss: 0.038313
Train Epoch: 1 [30080/60000 (50%)]	Loss: 0.300527
Train Epoch: 1 [30720/60000 (51%)]	Loss: 0.209164
Train Epoch: 1 [31360/60000 (52%)]	Loss: 0.247992
Train Epoch: 1 [32000/60000 (53%)]	Loss: 0.169787
Train Epoch: 1 [32640/60000 (54%)]	Loss: 0.119931
Train Epoch: 1 [33280/60000 (55%)]	Loss: 0.120773
Train Epoch: 1 [33920/60000 (57%)]	Loss: 0.185089
Train Epoch: 1 [34560/60000 (58%)]	Loss: 0.084235
Train Epoch: 1 [35200/60000 (59%)]	Loss: 0.114177
Train Epoch: 1 [35840/60000 (60%)]	Loss: 0.120288
Train Epoch: 1 [36480/60000 (61%)]	Loss: 0.140392
Train Epoch: 1 [37120/60000 (62%)]	Loss: 0.123337
Train Epoch: 1 [37760/60000 (63%)]	Loss: 0.067877
Train Epoch: 1 [38400/60000 (64%)]	Loss: 0.084627
Train Epoch: 1 [39040/60000 (65%)]	Loss: 0.037078
Train Epoch: 1 [39680/60000 (66%)]	Loss: 0.369806
Train Epoch: 1 [40320/60000 (67%)]	Loss: 0.169338
Train Epoch: 1 [40960/60000 (68%)]	Loss: 0.114545
Train Epoch: 1 [41600/60000 (69%)]	Loss: 0.133674
Train Epoch: 1 [42240/60000 (70%)]	Loss: 0.181504
Train Epoch: 1 [42880/60000 (71%)]	Loss: 0.022536
Train Epoch: 1 [43520/60000 (72%)]	Loss: 0.078319
Train Epoch: 1 [44160/60000 (74%)]	Loss: 0.103050
Train Epoch: 1 [44800/60000 (75%)]	Loss: 0.094790
Train Epoch: 1 [45440/60000 (76%)]	Loss: 0.248889
Train Epoch: 1 [46080/60000 (77%)]	Loss: 0.081174
Train Epoch: 1 [46720/60000 (78%)]	Loss: 0.030500
Train Epoch: 1 [47360/60000 (79%)]	Loss: 0.136451
Train Epoch: 1 [48000/60000 (80%)]	Loss: 0.112820
Train Epoch: 1 [48640/60000 (81%)]	Loss: 0.268343
Train Epoch: 1 [49280/60000 (82%)]	Loss: 0.080016
Train Epoch: 1 [49920/60000 (83%)]	Loss: 0.076359
Train Epoch: 1 [50560/60000 (84%)]	Loss: 0.066576
Train Epoch: 1 [51200/60000 (85%)]	Loss: 0.108461
Train Epoch: 1 [51840/60000 (86%)]	Loss: 0.181390
Train Epoch: 1 [52480/60000 (87%)]	Loss: 0.061872
Train Epoch: 1 [53120/60000 (88%)]	Loss: 0.061313
Train Epoch: 1 [53760/60000 (90%)]	Loss: 0.042745
Train Epoch: 1 [54400/60000 (91%)]	Loss: 0.062395
Train Epoch: 1 [55040/60000 (92%)]	Loss: 0.282489
Train Epoch: 1 [55680/60000 (93%)]	Loss: 0.089738
Train Epoch: 1 [56320/60000 (94%)]	Loss: 0.128521
Train Epoch: 1 [56960/60000 (95%)]	Loss: 0.108336
Train Epoch: 1 [57600/60000 (96%)]	Loss: 0.092813
Train Epoch: 1 [58240/60000 (97%)]	Loss: 0.089612
Train Epoch: 1 [58880/60000 (98%)]	Loss: 0.053057
Train Epoch: 1 [59520/60000 (99%)]	Loss: 0.038042

Test set: Average loss: 0.0465, Accuracy: 9841/10000 (98%)

Job finished
