[2026-04-09 22:36:20 +0300] [4171389] [INFO] Starting gunicorn 25.3.0
[2026-04-09 22:36:20 +0300] [4171389] [INFO] Listening at: http://0.0.0.0:6005 (4171389)
[2026-04-09 22:36:20 +0300] [4171389] [INFO] Using worker: sync
[2026-04-09 22:36:20 +0300] [4171761] [INFO] Booting worker with pid: 4171761
[2026-04-09 22:36:20 +0300] [4171389] [INFO] Control socket listening at /cta/users/teoman.arabul/.gunicorn/gunicorn.ctl
[2026-04-09 22:37:27 +0300] [4171761] [ERROR] Exception in worker process
Traceback (most recent call last):
  File "/cta/users/teoman.arabul/.conda/envs/finsage_clean/lib/python3.12/site-packages/gunicorn/arbiter.py", line 713, in spawn_worker
    worker.init_process()
  File "/cta/users/teoman.arabul/.conda/envs/finsage_clean/lib/python3.12/site-packages/gunicorn/workers/base.py", line 136, in init_process
    self.load_wsgi()
  File "/cta/users/teoman.arabul/.conda/envs/finsage_clean/lib/python3.12/site-packages/gunicorn/workers/base.py", line 148, in load_wsgi
    self.wsgi = self.app.wsgi()
                ^^^^^^^^^^^^^^^
  File "/cta/users/teoman.arabul/.conda/envs/finsage_clean/lib/python3.12/site-packages/gunicorn/app/base.py", line 66, in wsgi
    self.callable = self.load()
                    ^^^^^^^^^^^
  File "/cta/users/teoman.arabul/.conda/envs/finsage_clean/lib/python3.12/site-packages/gunicorn/app/wsgiapp.py", line 57, in load
    return self.load_wsgiapp()
           ^^^^^^^^^^^^^^^^^^^
  File "/cta/users/teoman.arabul/.conda/envs/finsage_clean/lib/python3.12/site-packages/gunicorn/app/wsgiapp.py", line 47, in load_wsgiapp
    return util.import_app(self.app_uri)
           ^^^^^^^^^^^^^^^^^^^^^^^^^^^^^
  File "/cta/users/teoman.arabul/.conda/envs/finsage_clean/lib/python3.12/site-packages/gunicorn/util.py", line 377, in import_app
    mod = importlib.import_module(module)
          ^^^^^^^^^^^^^^^^^^^^^^^^^^^^^^^
  File "/cta/users/teoman.arabul/.conda/envs/finsage_clean/lib/python3.12/importlib/__init__.py", line 90, in import_module
    return _bootstrap._gcd_import(name[level:], package, level)
           ^^^^^^^^^^^^^^^^^^^^^^^^^^^^^^^^^^^^^^^^^^^^^^^^^^^^
  File "<frozen importlib._bootstrap>", line 1387, in _gcd_import
  File "<frozen importlib._bootstrap>", line 1360, in _find_and_load
  File "<frozen importlib._bootstrap>", line 1331, in _find_and_load_unlocked
  File "<frozen importlib._bootstrap>", line 935, in _load_unlocked
  File "<frozen importlib._bootstrap_external>", line 999, in exec_module
  File "<frozen importlib._bootstrap>", line 488, in _call_with_frames_removed
  File "/cta/users/teoman.arabul/finsage/src/server.py", line 589, in <module>
    app = create_app()
          ^^^^^^^^^^^^
  File "/cta/users/teoman.arabul/finsage/src/server.py", line 146, in create_app
    rag_manager = RAGManager(config=config, collections=collections)
                  ^^^^^^^^^^^^^^^^^^^^^^^^^^^^^^^^^^^^^^^^^^^^^^^^^^
  File "/cta/users/teoman.arabul/finsage/src/utils/ragManager.py", line 29, in __new__
    cls._instance._initialize(config, collections)
  File "/cta/users/teoman.arabul/finsage/src/utils/ragManager.py", line 63, in _initialize
    self._retrievers.append(self.create_retriever(top_k, collection, retriever_type="ensemble"))
                            ^^^^^^^^^^^^^^^^^^^^^^^^^^^^^^^^^^^^^^^^^^^^^^^^^^^^^^^^^^^^^^^^^^^
  File "/cta/users/teoman.arabul/finsage/src/utils/ragManager.py", line 112, in create_retriever
    retriver = EnsembleRetriever(bm25_dir, chroma, ts_chroma, k, self.embeddings, enable_expand = True)
               ^^^^^^^^^^^^^^^^^^^^^^^^^^^^^^^^^^^^^^^^^^^^^^^^^^^^^^^^^^^^^^^^^^^^^^^^^^^^^^^^^^^^^^^^
  File "/cta/users/teoman.arabul/finsage/src/utils/ensembleRetriever.py", line 43, in __init__
    self.title_summary_faiss_retriever = FaissRetriever(ts_docs['embeddings'], embeddings)
                                         ^^^^^^^^^^^^^^^^^^^^^^^^^^^^^^^^^^^^^^^^^^^^^^^^^
  File "/cta/users/teoman.arabul/finsage/src/utils/faissRetriever.py", line 15, in __init__
    dimension = embeddings.shape[1]
                ~~~~~~~~~~~~~~~~^^^
IndexError: tuple index out of range
tuple index out of range
[2026-04-09 22:37:27 +0300] [4171761] [INFO] Worker exiting (pid: 4171761)
[2026-04-09 22:37:30 +0300] [4171389] [ERROR] Worker (pid:4171761) exited with code 3.
[2026-04-09 22:37:30 +0300] [4171389] [ERROR] Shutting down: Master
[2026-04-09 22:37:30 +0300] [4171389] [ERROR] Reason: Worker failed to boot.
