[2026-04-09 23:31:57 +0300] [4172403] [INFO] Starting gunicorn 25.3.0
[2026-04-09 23:31:57 +0300] [4172403] [INFO] Listening at: http://0.0.0.0:6005 (4172403)
[2026-04-09 23:31:57 +0300] [4172403] [INFO] Using worker: sync
[2026-04-09 23:31:57 +0300] [4172698] [INFO] Booting worker with pid: 4172698
[2026-04-09 23:31:57 +0300] [4172403] [INFO] Control socket listening at /cta/users/teoman.arabul/.gunicorn/gunicorn.ctl
Fetching 3 files:   0%|          | 0/3 [00:00<?, ?it/s]Fetching 3 files:  33%|███▎      | 1/3 [00:30<01:00, 30.31s/it]Fetching 3 files:  67%|██████▋   | 2/3 [01:15<00:39, 39.12s/it]Fetching 3 files: 100%|██████████| 3/3 [01:15<00:00, 25.20s/it]
Loading checkpoint shards:   0%|          | 0/3 [00:00<?, ?it/s]Loading checkpoint shards:  33%|███▎      | 1/3 [00:00<00:00,  7.52it/s]Loading checkpoint shards:  67%|██████▋   | 2/3 [00:00<00:00,  8.26it/s]Loading checkpoint shards: 100%|██████████| 3/3 [00:00<00:00, 11.67it/s]
[2026-04-09 23:34:14 +0300] [4172698] [ERROR] Exception in worker process
Traceback (most recent call last):
  File "/cta/users/teoman.arabul/.conda/envs/finsage_clean/lib/python3.12/site-packages/gunicorn/arbiter.py", line 713, in spawn_worker
    worker.init_process()
  File "/cta/users/teoman.arabul/.conda/envs/finsage_clean/lib/python3.12/site-packages/gunicorn/workers/base.py", line 136, in init_process
    self.load_wsgi()
  File "/cta/users/teoman.arabul/.conda/envs/finsage_clean/lib/python3.12/site-packages/gunicorn/workers/base.py", line 148, in load_wsgi
    self.wsgi = self.app.wsgi()
                ^^^^^^^^^^^^^^^
  File "/cta/users/teoman.arabul/.conda/envs/finsage_clean/lib/python3.12/site-packages/gunicorn/app/base.py", line 66, in wsgi
    self.callable = self.load()
                    ^^^^^^^^^^^
  File "/cta/users/teoman.arabul/.conda/envs/finsage_clean/lib/python3.12/site-packages/gunicorn/app/wsgiapp.py", line 57, in load
    return self.load_wsgiapp()
           ^^^^^^^^^^^^^^^^^^^
  File "/cta/users/teoman.arabul/.conda/envs/finsage_clean/lib/python3.12/site-packages/gunicorn/app/wsgiapp.py", line 47, in load_wsgiapp
    return util.import_app(self.app_uri)
           ^^^^^^^^^^^^^^^^^^^^^^^^^^^^^
  File "/cta/users/teoman.arabul/.conda/envs/finsage_clean/lib/python3.12/site-packages/gunicorn/util.py", line 377, in import_app
    mod = importlib.import_module(module)
          ^^^^^^^^^^^^^^^^^^^^^^^^^^^^^^^
  File "/cta/users/teoman.arabul/.conda/envs/finsage_clean/lib/python3.12/importlib/__init__.py", line 90, in import_module
    return _bootstrap._gcd_import(name[level:], package, level)
           ^^^^^^^^^^^^^^^^^^^^^^^^^^^^^^^^^^^^^^^^^^^^^^^^^^^^
  File "<frozen importlib._bootstrap>", line 1387, in _gcd_import
  File "<frozen importlib._bootstrap>", line 1360, in _find_and_load
  File "<frozen importlib._bootstrap>", line 1331, in _find_and_load_unlocked
  File "<frozen importlib._bootstrap>", line 935, in _load_unlocked
  File "<frozen importlib._bootstrap_external>", line 999, in exec_module
  File "<frozen importlib._bootstrap>", line 488, in _call_with_frames_removed
  File "/cta/users/teoman.arabul/finsage/src/server.py", line 589, in <module>
    app = create_app()
          ^^^^^^^^^^^^
  File "/cta/users/teoman.arabul/finsage/src/server.py", line 147, in create_app
    chat_service = ChatService(config=config, rag_manager=rag_manager, rerank_topk=config['rerank_topk'])
                   ^^^^^^^^^^^^^^^^^^^^^^^^^^^^^^^^^^^^^^^^^^^^^^^^^^^^^^^^^^^^^^^^^^^^^^^^^^^^^^^^^^^^^^
  File "/cta/users/teoman.arabul/finsage/src/utils/vllmChatService.py", line 93, in __init__
    self.question_similarity_finder = QuestionSimilarityFinder(self.frequent_qa_db,self.qa_table_directory)
                                      ^^^^^^^^^^^^^^^^^^^^^^^^^^^^^^^^^^^^^^^^^^^^^^^^^^^^^^^^^^^^^^^^^^^^^
  File "/cta/users/teoman.arabul/finsage/src/utils/frequentQA.py", line 128, in __init__
    print(self.table_path)
      ^^^^^^^^^^^^^^^
AttributeError: 'QuestionSimilarityFinder' object has no attribute 'table_path'
'QuestionSimilarityFinder' object has no attribute 'table_path'
[2026-04-09 23:34:14 +0300] [4172698] [INFO] Worker exiting (pid: 4172698)
[2026-04-09 23:34:18 +0300] [4172403] [ERROR] Worker (pid:4172698) exited with code 3.
[2026-04-09 23:34:18 +0300] [4172403] [ERROR] Shutting down: Master
[2026-04-09 23:34:18 +0300] [4172403] [ERROR] Reason: Worker failed to boot.
