[2026-04-12 16:19:20 +0300] [24264] [INFO] Starting gunicorn 25.3.0
[2026-04-12 16:19:20 +0300] [24264] [INFO] Listening at: http://0.0.0.0:6005 (24264)
[2026-04-12 16:19:20 +0300] [24264] [INFO] Using worker: sync
[2026-04-12 16:19:20 +0300] [24576] [INFO] Booting worker with pid: 24576
[2026-04-12 16:19:21 +0300] [24264] [INFO] Control socket listening at /cta/users/teoman.arabul/.gunicorn/gunicorn.ctl
[2026-04-12 16:20:04 +0300] [24576] [ERROR] Exception in worker process
Traceback (most recent call last):
  File "/cta/users/teoman.arabul/.conda/envs/finsage_clean/lib/python3.12/site-packages/gunicorn/arbiter.py", line 713, in spawn_worker
    worker.init_process()
  File "/cta/users/teoman.arabul/.conda/envs/finsage_clean/lib/python3.12/site-packages/gunicorn/workers/base.py", line 136, in init_process
    self.load_wsgi()
  File "/cta/users/teoman.arabul/.conda/envs/finsage_clean/lib/python3.12/site-packages/gunicorn/workers/base.py", line 148, in load_wsgi
    self.wsgi = self.app.wsgi()
                ^^^^^^^^^^^^^^^
  File "/cta/users/teoman.arabul/.conda/envs/finsage_clean/lib/python3.12/site-packages/gunicorn/app/base.py", line 66, in wsgi
    self.callable = self.load()
                    ^^^^^^^^^^^
  File "/cta/users/teoman.arabul/.conda/envs/finsage_clean/lib/python3.12/site-packages/gunicorn/app/wsgiapp.py", line 57, in load
    return self.load_wsgiapp()
           ^^^^^^^^^^^^^^^^^^^
  File "/cta/users/teoman.arabul/.conda/envs/finsage_clean/lib/python3.12/site-packages/gunicorn/app/wsgiapp.py", line 47, in load_wsgiapp
    return util.import_app(self.app_uri)
           ^^^^^^^^^^^^^^^^^^^^^^^^^^^^^
  File "/cta/users/teoman.arabul/.conda/envs/finsage_clean/lib/python3.12/site-packages/gunicorn/util.py", line 377, in import_app
    mod = importlib.import_module(module)
          ^^^^^^^^^^^^^^^^^^^^^^^^^^^^^^^
  File "/cta/users/teoman.arabul/.conda/envs/finsage_clean/lib/python3.12/importlib/__init__.py", line 90, in import_module
    return _bootstrap._gcd_import(name[level:], package, level)
           ^^^^^^^^^^^^^^^^^^^^^^^^^^^^^^^^^^^^^^^^^^^^^^^^^^^^
  File "<frozen importlib._bootstrap>", line 1387, in _gcd_import
  File "<frozen importlib._bootstrap>", line 1360, in _find_and_load
  File "<frozen importlib._bootstrap>", line 1331, in _find_and_load_unlocked
  File "<frozen importlib._bootstrap>", line 935, in _load_unlocked
  File "<frozen importlib._bootstrap_external>", line 999, in exec_module
  File "<frozen importlib._bootstrap>", line 488, in _call_with_frames_removed
  File "/cta/users/teoman.arabul/finsage/src/server.py", line 17, in <module>
    from utils.vllmChatService import ChatService
  File "/cta/users/teoman.arabul/finsage/src/utils/vllmChatService.py", line 20, in <module>
    from .frequentQA import QuestionSimilarityFinder
  File "/cta/users/teoman.arabul/finsage/src/utils/frequentQA.py", line 120
    	self.table_path = table_path
    ^
TabError: inconsistent use of tabs and spaces in indentation
inconsistent use of tabs and spaces in indentation (frequentQA.py, line 120)
[2026-04-12 16:20:04 +0300] [24576] [INFO] Worker exiting (pid: 24576)
[2026-04-12 16:20:07 +0300] [24264] [ERROR] Worker (pid:24576) exited with code 3.
[2026-04-12 16:20:07 +0300] [24264] [ERROR] Shutting down: Master
[2026-04-12 16:20:07 +0300] [24264] [ERROR] Reason: Worker failed to boot.
